---
source: crates/kul-cli/tests/corpus_contract.rs
expression: out
---
{"ok":true,"result":{"kind":"members","members":[{"personId":"aisha","descriptor":{"egoId":"yusuf","alterId":"aisha","egoGender":"male","alterGender":"female","classification":{"kind":"lineal","role":"ancestor","generations":1},"edgeNature":"blood","affinity":"blood","sharing":"notApplicable","side":"notApplicable","seniority":"elder","apexSeniority":"notApplicable","path":[{"step":"up","to":"aisha","gender":"female","edge":"bio"}]}},{"personId":"khalid","descriptor":{"egoId":"yusuf","alterId":"khalid","egoGender":"male","alterGender":"male","classification":{"kind":"lineal","role":"ancestor","generations":1},"edgeNature":"blood","affinity":"blood","sharing":"notApplicable","side":"notApplicable","seniority":"elder","apexSeniority":"notApplicable","path":[{"step":"up","to":"khalid","gender":"male","edge":"bio"}]}}]}}
