---
source: crates/kul-cli/tests/corpus_contract.rs
expression: out
---
{"ok":true,"result":{"kind":"members","members":[{"personId":"frida","descriptor":{"egoId":"linnea","alterId":"frida","egoGender":"female","alterGender":"female","classification":{"kind":"collateral","up":1,"down":1,"cousinDegree":0,"removed":0},"edgeNature":"blood","affinity":"blood","sharing":"half","side":"maternal","seniority":"younger","apexSeniority":"younger","path":[{"step":"up","to":"astrid","gender":"female","edge":"bio"},{"step":"down","to":"frida","gender":"female","edge":"bio"}]}},{"personId":"oskar","descriptor":{"egoId":"linnea","alterId":"oskar","egoGender":"female","alterGender":"male","classification":{"kind":"collateral","up":1,"down":1,"cousinDegree":0,"removed":0},"edgeNature":"blood","affinity":"blood","sharing":"half","side":"paternal","seniority":"younger","apexSeniority":"younger","path":[{"step":"up","to":"erik","gender":"male","edge":"bio"},{"step":"down","to":"oskar","gender":"male","edge":"bio"}]}}]}}
