---
source: crates/kul-core/tests/export.rs
expression: json
---
{
  "ok": true,
  "schema": 1,
  "kul": "0.1",
  "graph": {
    "nodes": [
      {
        "data": {
          "id": "p:devraj",
          "type": "person",
          "name": "Devraj Kumar",
          "gender": "male",
          "born": {
            "value": "1948-06-21",
            "precision": "day",
            "circa": false
          }
        }
      },
      {
        "data": {
          "id": "p:meera",
          "type": "person",
          "name": "Meera",
          "gender": "female",
          "born": {
            "value": "1955-03-08",
            "precision": "day",
            "circa": false
          }
        }
      },
      {
        "data": {
          "id": "p:alice",
          "type": "person",
          "name": "Alice Sharma",
          "gender": "female",
          "born": {
            "value": "1950-04-12",
            "precision": "day",
            "circa": false
          }
        }
      },
      {
        "data": {
          "id": "p:diana",
          "type": "person",
          "name": "Diana Roy",
          "gender": "female",
          "born": {
            "value": "1960-09-15",
            "precision": "day",
            "circa": false
          }
        }
      },
      {
        "data": {
          "id": "p:asha",
          "type": "person",
          "name": "Asha Kumar",
          "gender": "female",
          "born": {
            "value": "1991-04-12",
            "precision": "day",
            "circa": false
          }
        }
      },
      {
        "data": {
          "id": "p:priya",
          "type": "person",
          "name": "Priya Kumar",
          "gender": "female",
          "born": {
            "value": "1994-12-01",
            "precision": "day",
            "circa": false
          }
        }
      },
      {
        "data": {
          "id": "p:rohan",
          "type": "person",
          "name": "Rohan Kumar",
          "gender": "male",
          "born": {
            "value": "1996-07-22",
            "precision": "day",
            "circa": false
          }
        }
      },
      {
        "data": {
          "id": "m:m_devraj_meera",
          "type": "marriage",
          "start": {
            "value": "1990-01-01",
            "precision": "day",
            "circa": false
          }
        }
      },
      {
        "data": {
          "id": "m:m_devraj_alice",
          "type": "marriage",
          "start": {
            "value": "1992-02-14",
            "precision": "day",
            "circa": false
          }
        }
      },
      {
        "data": {
          "id": "m:m_devraj_diana",
          "type": "marriage",
          "start": {
            "value": "1994-08-30",
            "precision": "day",
            "circa": false
          }
        }
      }
    ],
    "edges": [
      {
        "data": {
          "source": "m:m_devraj_meera",
          "target": "p:devraj",
          "type": "spouse"
        }
      },
      {
        "data": {
          "source": "m:m_devraj_meera",
          "target": "p:meera",
          "type": "spouse"
        }
      },
      {
        "data": {
          "source": "m:m_devraj_alice",
          "target": "p:devraj",
          "type": "spouse"
        }
      },
      {
        "data": {
          "source": "m:m_devraj_alice",
          "target": "p:alice",
          "type": "spouse"
        }
      },
      {
        "data": {
          "source": "m:m_devraj_diana",
          "target": "p:devraj",
          "type": "spouse"
        }
      },
      {
        "data": {
          "source": "m:m_devraj_diana",
          "target": "p:diana",
          "type": "spouse"
        }
      },
      {
        "data": {
          "source": "m:m_devraj_meera",
          "target": "p:asha",
          "type": "biological_child"
        }
      },
      {
        "data": {
          "source": "m:m_devraj_alice",
          "target": "p:priya",
          "type": "biological_child"
        }
      },
      {
        "data": {
          "source": "m:m_devraj_diana",
          "target": "p:rohan",
          "type": "biological_child"
        }
      }
    ]
  }
}
