---
source: crates/kul-core/tests/validator.rs
assertion_line: 307
expression: render_diagnostics(&result.diagnostics)
---
KUL-R13 [80..85]: parent-link cycle: `alice` → `carol` → `alice` — one of these `birth` or `adoption` links must be wrong
  related [121..132]: parent link in the cycle
  related [219..231]: parent link in the cycle
