---
source: crates/kul-core/tests/validator.rs
expression: render_diagnostics(&result.diagnostics)
---
KUL-R04 [245..250]: marriage `m_self` lists `alice` as both spouses — spouses must be distinct people
  related [239..244]: first spouse listed here
KUL-R14 [126..137]: alice has 2 concurrent un-ended marriages; she must be the declared host (first spouse) in all of them.
Currently: marriage m_bob_alice bob alice ...
Fix:       marriage m_bob_alice alice bob ...
KUL-R14 [176..188]: alice has 2 concurrent un-ended marriages; she must be the declared host (first spouse) in all of them.
Currently: marriage m_carl_alice carl alice ...
Fix:       marriage m_carl_alice alice carl ...
