---
source: crates/kul-layout/tests/corpus.rs
expression: yaml
---
width: 780.0
height: 432.0
cards:
- person_id: diego
  kind: canonical
  x: 215.0
  y: 24.0
  width: 160.0
  height: 64.0
  name: Diego Fernández
  generation: 0
  gender: male
  born: ~1935
- person_id: carmen
  kind: canonical
  x: 405.0
  y: 24.0
  width: 160.0
  height: 64.0
  name: Carmen Fernández
  generation: 0
  gender: female
  born: 1938-07-19
- person_id: sofia
  kind: canonical
  x: 24.0
  y: 184.0
  width: 160.0
  height: 64.0
  name: Sofía Fernández
  generation: 1
  gender: female
  born: 1962-05-08
- person_id: ricardo
  kind: canonical
  x: 214.0
  y: 184.0
  width: 160.0
  height: 64.0
  name: Ricardo Moreno
  generation: 1
  gender: male
  born: 1960-01-30
- person_id: mateo
  kind: canonical
  x: 119.0
  y: 344.0
  width: 160.0
  height: 64.0
  name: Mateo Moreno
  generation: 2
  gender: male
  born: 1987-08-04
- person_id: javier
  kind: canonical
  x: 406.0
  y: 184.0
  width: 160.0
  height: 64.0
  name: Javier Fernández
  generation: 1
  gender: male
  born: 1965-09-23
- person_id: pilar
  kind: canonical
  x: 596.0
  y: 184.0
  width: 160.0
  height: 64.0
  name: Pilar Navarro
  generation: 1
  gender: female
  born: 1968-11-12
- person_id: lucia
  kind: canonical
  x: 501.0
  y: 344.0
  width: 160.0
  height: 64.0
  name: Lucía Fernández
  generation: 2
  gender: female
  born: 1992-03-18
edges:
- link_kind: birth
  marriage_id: m_diego_carmen
  child_id: sofia
  is_past: false
  points:
  - - 390.0
    - 56.0
  - - 390.0
    - 156.0
  - - 104.0
    - 156.0
  - - 104.0
    - 184.0
- link_kind: birth
  marriage_id: m_diego_carmen
  child_id: javier
  is_past: false
  points:
  - - 390.0
    - 56.0
  - - 390.0
    - 156.0
  - - 486.0
    - 156.0
  - - 486.0
    - 184.0
- link_kind: birth
  marriage_id: m_sofia_ricardo
  child_id: mateo
  is_past: false
  points:
  - - 199.0
    - 216.0
  - - 199.0
    - 316.0
  - - 199.0
    - 316.0
  - - 199.0
    - 344.0
- link_kind: birth
  marriage_id: m_javier_pilar
  child_id: lucia
  is_past: false
  points:
  - - 581.0
    - 216.0
  - - 581.0
    - 316.0
  - - 581.0
    - 316.0
  - - 581.0
    - 344.0
- link_kind: marriage
  marriage_id: m_diego_carmen
  host_id: diego
  joining_id: carmen
  start: 1960-02-14
  is_ended: false
  points:
  - - 375.0
    - 56.0
  - - 405.0
    - 56.0
- link_kind: marriage
  marriage_id: m_sofia_ricardo
  host_id: sofia
  joining_id: ricardo
  start: 1985-06-15
  is_ended: false
  points:
  - - 184.0
    - 216.0
  - - 214.0
    - 216.0
- link_kind: marriage
  marriage_id: m_javier_pilar
  host_id: javier
  joining_id: pilar
  start: 1990-04-27
  is_ended: false
  points:
  - - 566.0
    - 216.0
  - - 596.0
    - 216.0
