---
source: crates/kul-layout/tests/corpus.rs
expression: yaml
---
width: 572.0
height: 592.0
cards:
- person_id: ramesh
  kind: canonical
  x: 68.0
  y: 24.0
  width: 160.0
  height: 64.0
  name: Ramesh Kumar
- person_id: sita
  kind: canonical
  x: 258.0
  y: 24.0
  width: 160.0
  height: 64.0
  name: Sita Kumar
- person_id: devraj
  kind: canonical
  x: 163.0
  y: 184.0
  width: 160.0
  height: 64.0
  name: Devraj Kumar
- person_id: meera
  kind: canonical
  x: 24.0
  y: 344.0
  width: 160.0
  height: 64.0
  name: Meera
- person_id: alice
  kind: canonical
  x: 216.0
  y: 344.0
  width: 160.0
  height: 64.0
  name: Alice Sharma
- person_id: priya
  kind: canonical
  x: 302.0
  y: 504.0
  width: 160.0
  height: 64.0
  name: Priya Kumar
bars:
- marriage_id: m_ramesh_sita
  x: 234.0
  y: 51.0
  width: 18.0
  height: 10.0
  ended: false
edges:
- kind: birth
  routing: in_tree
  child_id: devraj
  marriage_id: m_ramesh_sita
  points:
  - - 243.0
    - 61.0
  - - 243.0
    - 156.0
  - - 243.0
    - 156.0
  - - 243.0
    - 184.0
- kind: birth
  routing: in_tree
  child_id: priya
  marriage_id: m_devraj_alice
  points:
  - - 382.0
    - 376.0
  - - 382.0
    - 476.0
  - - 382.0
    - 476.0
  - - 382.0
    - 504.0
- kind: marriage
  routing: in_tree
  child_id: meera
  marriage_id: m_devraj_meera
  points:
  - - 243.0
    - 248.0
  - - 243.0
    - 316.0
  - - 104.0
    - 316.0
  - - 104.0
    - 344.0
- kind: marriage
  routing: in_tree
  child_id: alice
  marriage_id: m_devraj_alice
  points:
  - - 243.0
    - 248.0
  - - 243.0
    - 316.0
  - - 382.0
    - 316.0
  - - 382.0
    - 376.0
  - - 376.0
    - 376.0
