---
source: crates/kul-layout/tests/corpus.rs
expression: yaml
---
width: 784.0
height: 432.0
cards:
- person_id: ramesh
  kind: canonical
  x: 217.0
  y: 24.0
  width: 160.0
  height: 64.0
  name: Ramesh Patel
- person_id: sita
  kind: canonical
  x: 407.0
  y: 24.0
  width: 160.0
  height: 64.0
  name: Sita Patel
- person_id: alice
  kind: canonical
  x: 25.0
  y: 184.0
  width: 160.0
  height: 64.0
  name: Alice Patel
- person_id: bob
  kind: canonical
  x: 215.0
  y: 184.0
  width: 160.0
  height: 64.0
  name: Bob Khan
- person_id: carol
  kind: canonical
  x: 24.0
  y: 344.0
  width: 160.0
  height: 64.0
  name: Carol Patel
- person_id: diya
  kind: canonical
  x: 216.0
  y: 344.0
  width: 160.0
  height: 64.0
  name: Diya Patel
- person_id: dev
  kind: canonical
  x: 409.0
  y: 184.0
  width: 160.0
  height: 64.0
  name: Dev Patel
- person_id: eva
  kind: canonical
  x: 599.0
  y: 184.0
  width: 160.0
  height: 64.0
  name: Eva Singh
- person_id: farid
  kind: canonical
  x: 408.0
  y: 344.0
  width: 160.0
  height: 64.0
  name: Farid Patel
- person_id: gita
  kind: canonical
  x: 600.0
  y: 344.0
  width: 160.0
  height: 64.0
  name: Gita Patel
bars:
- marriage_id: m_ramesh_sita
  x: 383.0
  y: 51.0
  width: 18.0
  height: 10.0
  ended: false
- marriage_id: m_alice_bob
  x: 191.0
  y: 211.0
  width: 18.0
  height: 10.0
  ended: false
- marriage_id: m_dev_eva
  x: 575.0
  y: 211.0
  width: 18.0
  height: 10.0
  ended: false
edges:
- kind: birth
  routing: in_tree
  child_id: alice
  marriage_id: m_ramesh_sita
  points:
  - - 392.0
    - 61.0
  - - 392.0
    - 156.0
  - - 105.0
    - 156.0
  - - 105.0
    - 184.0
- kind: birth
  routing: in_tree
  child_id: dev
  marriage_id: m_ramesh_sita
  points:
  - - 392.0
    - 61.0
  - - 392.0
    - 156.0
  - - 489.0
    - 156.0
  - - 489.0
    - 184.0
- kind: birth
  routing: in_tree
  child_id: carol
  marriage_id: m_alice_bob
  points:
  - - 200.0
    - 221.0
  - - 200.0
    - 316.0
  - - 104.0
    - 316.0
  - - 104.0
    - 344.0
- kind: birth
  routing: in_tree
  child_id: diya
  marriage_id: m_alice_bob
  points:
  - - 200.0
    - 221.0
  - - 200.0
    - 316.0
  - - 296.0
    - 316.0
  - - 296.0
    - 344.0
- kind: birth
  routing: in_tree
  child_id: farid
  marriage_id: m_dev_eva
  points:
  - - 584.0
    - 221.0
  - - 584.0
    - 316.0
  - - 488.0
    - 316.0
  - - 488.0
    - 344.0
- kind: birth
  routing: in_tree
  child_id: gita
  marriage_id: m_dev_eva
  points:
  - - 584.0
    - 221.0
  - - 584.0
    - 316.0
  - - 680.0
    - 316.0
  - - 680.0
    - 344.0
