---
source: crates/kul-render/tests/corpus.rs
expression: json
---
{
  "ok": true,
  "schema": 2,
  "kul": "0.1",
  "components": [
    {
      "id": "comp-1",
      "sourceOrder": 983,
      "kind": {
        "type": "familyTree",
        "root": {
          "slot": {
            "personId": "ramesh",
            "kind": {
              "kind": "canonical"
            },
            "generation": 0,
            "name": "Ramesh Kumar",
            "gender": "male",
            "born": {
              "value": "1920-03-15",
              "precision": "day",
              "circa": false
            }
          },
          "hostedMarriages": [
            {
              "bar": {
                "marriageId": "m_ramesh_sita",
                "generation": 0,
                "hostId": "ramesh",
                "joiningId": "sita",
                "joiningSlot": {
                  "personId": "sita",
                  "kind": {
                    "kind": "canonical"
                  },
                  "generation": 0,
                  "name": "Sita Kumar",
                  "gender": "female",
                  "born": {
                    "value": "1922-08-22",
                    "precision": "day",
                    "circa": false
                  }
                },
                "start": {
                  "value": "1945-06-10",
                  "precision": "day",
                  "circa": false
                },
                "ended": false
              },
              "children": [
                {
                  "slot": {
                    "personId": "devraj",
                    "kind": {
                      "kind": "canonical"
                    },
                    "generation": 1,
                    "name": "Devraj Kumar",
                    "gender": "male",
                    "born": {
                      "value": "1948-06-21",
                      "precision": "day",
                      "circa": false
                    }
                  },
                  "hostedMarriages": [
                    {
                      "bar": {
                        "marriageId": "m_devraj_meera",
                        "generation": 1,
                        "hostId": "devraj",
                        "joiningId": "meera",
                        "joiningSlot": {
                          "personId": "meera",
                          "kind": {
                            "kind": "canonical"
                          },
                          "generation": 1,
                          "name": "Meera",
                          "gender": "female",
                          "born": {
                            "value": "1955-03-08",
                            "precision": "day",
                            "circa": false
                          }
                        },
                        "start": {
                          "value": "1990-01-01",
                          "precision": "day",
                          "circa": false
                        },
                        "ended": false
                      },
                      "children": []
                    },
                    {
                      "bar": {
                        "marriageId": "m_devraj_alice",
                        "generation": 1,
                        "hostId": "devraj",
                        "joiningId": "alice",
                        "joiningSlot": {
                          "personId": "alice",
                          "kind": {
                            "kind": "canonical"
                          },
                          "generation": 1,
                          "name": "Alice Sharma",
                          "gender": "female",
                          "born": {
                            "value": "1950-04-12",
                            "precision": "day",
                            "circa": false
                          }
                        },
                        "start": {
                          "value": "1992-02-14",
                          "precision": "day",
                          "circa": false
                        },
                        "ended": false
                      },
                      "children": [
                        {
                          "slot": {
                            "personId": "priya",
                            "kind": {
                              "kind": "canonical"
                            },
                            "generation": 2,
                            "name": "Priya Kumar",
                            "gender": "female",
                            "born": {
                              "value": "1994-12-01",
                              "precision": "day",
                              "circa": false
                            }
                          },
                          "hostedMarriages": []
                        }
                      ]
                    }
                  ]
                }
              ]
            }
          ]
        }
      }
    }
  ],
  "edges": [
    {
      "kind": "birth",
      "childId": "devraj",
      "marriageId": "m_ramesh_sita"
    },
    {
      "kind": "birth",
      "childId": "priya",
      "marriageId": "m_devraj_alice"
    }
  ]
}
