---
source: crates/kul-render/tests/corpus.rs
expression: json
---
{
  "ok": true,
  "schema": 2,
  "kul": "0.1",
  "components": [
    {
      "id": "comp-1",
      "sourceOrder": 1098,
      "kind": {
        "type": "familyTree",
        "root": {
          "slot": {
            "personId": "alice",
            "kind": {
              "kind": "ghost",
              "reason": "pastMarriage"
            },
            "generation": 0,
            "name": "Alice Reyes",
            "gender": "female",
            "born": {
              "value": "1950-04-12",
              "precision": "day",
              "circa": false
            }
          },
          "hostedMarriages": [
            {
              "bar": {
                "marriageId": "m_alice_bob",
                "generation": 0,
                "hostId": "alice",
                "joiningId": "bob",
                "joiningSlot": {
                  "personId": "bob",
                  "kind": {
                    "kind": "ghost",
                    "reason": "pastMarriage"
                  },
                  "generation": 0,
                  "name": "Bob Singh",
                  "gender": "male",
                  "born": {
                    "value": "1948-11-30",
                    "precision": "day",
                    "circa": false
                  }
                },
                "start": {
                  "value": "1972-05-12",
                  "precision": "day",
                  "circa": false
                },
                "end": {
                  "value": "1990-08-01",
                  "precision": "day",
                  "circa": false
                },
                "endReason": "divorce",
                "ended": true
              },
              "children": [
                {
                  "slot": {
                    "personId": "carol",
                    "kind": {
                      "kind": "canonical"
                    },
                    "generation": 1,
                    "name": "Carol Singh",
                    "gender": "female",
                    "born": {
                      "value": "1975-09-03",
                      "precision": "day",
                      "circa": false
                    }
                  },
                  "hostedMarriages": []
                }
              ]
            }
          ]
        }
      }
    },
    {
      "id": "comp-2",
      "sourceOrder": 1360,
      "kind": {
        "type": "familyTree",
        "root": {
          "slot": {
            "personId": "bob",
            "kind": {
              "kind": "canonical"
            },
            "generation": 0,
            "name": "Bob Singh",
            "gender": "male",
            "born": {
              "value": "1948-11-30",
              "precision": "day",
              "circa": false
            }
          },
          "hostedMarriages": [
            {
              "bar": {
                "marriageId": "m_bob_eva",
                "generation": 0,
                "hostId": "bob",
                "joiningId": "eva",
                "joiningSlot": {
                  "personId": "eva",
                  "kind": {
                    "kind": "canonical"
                  },
                  "generation": 0,
                  "name": "Eva Larsen",
                  "gender": "female",
                  "born": {
                    "value": "1953-08-04",
                    "precision": "day",
                    "circa": false
                  }
                },
                "start": {
                  "value": "1992-06-15",
                  "precision": "day",
                  "circa": false
                },
                "ended": false
              },
              "children": [
                {
                  "slot": {
                    "personId": "felix",
                    "kind": {
                      "kind": "canonical"
                    },
                    "generation": 1,
                    "name": "Felix Singh",
                    "gender": "male",
                    "born": {
                      "value": "1994-03-11",
                      "precision": "day",
                      "circa": false
                    }
                  },
                  "hostedMarriages": []
                }
              ]
            }
          ]
        }
      }
    },
    {
      "id": "comp-3",
      "sourceOrder": 1417,
      "kind": {
        "type": "familyTree",
        "root": {
          "slot": {
            "personId": "alice",
            "kind": {
              "kind": "canonical"
            },
            "generation": 0,
            "name": "Alice Reyes",
            "gender": "female",
            "born": {
              "value": "1950-04-12",
              "precision": "day",
              "circa": false
            }
          },
          "hostedMarriages": [
            {
              "bar": {
                "marriageId": "m_alice_charlie",
                "generation": 0,
                "hostId": "alice",
                "joiningId": "charlie",
                "joiningSlot": {
                  "personId": "charlie",
                  "kind": {
                    "kind": "canonical"
                  },
                  "generation": 0,
                  "name": "Charlie Park",
                  "gender": "male",
                  "born": {
                    "value": "1949-02-22",
                    "precision": "day",
                    "circa": false
                  }
                },
                "start": {
                  "value": "1995-10-20",
                  "precision": "day",
                  "circa": false
                },
                "ended": false
              },
              "children": [
                {
                  "slot": {
                    "personId": "diana",
                    "kind": {
                      "kind": "canonical"
                    },
                    "generation": 1,
                    "name": "Diana Park",
                    "gender": "female",
                    "born": {
                      "value": "1997-07-29",
                      "precision": "day",
                      "circa": false
                    }
                  },
                  "hostedMarriages": []
                }
              ]
            }
          ]
        }
      }
    }
  ],
  "edges": [
    {
      "kind": "birth",
      "childId": "carol",
      "marriageId": "m_alice_bob"
    },
    {
      "kind": "birth",
      "childId": "felix",
      "marriageId": "m_bob_eva"
    },
    {
      "kind": "birth",
      "childId": "diana",
      "marriageId": "m_alice_charlie"
    }
  ]
}
