---
source: crates/kul-lsp/src/features/semantic_tokens.rs
expression: decoded
---
[
    Decoded {
        line: 22,
        character: 0,
        length: 6,
        kind: "keyword",
        text: "person",
    },
    Decoded {
        line: 22,
        character: 7,
        length: 6,
        kind: "function",
        text: "chinua",
    },
    Decoded {
        line: 22,
        character: 15,
        length: 4,
        kind: "property",
        text: "name",
    },
    Decoded {
        line: 22,
        character: 20,
        length: 14,
        kind: "string",
        text: "\"Chinua Okeke\"",
    },
    Decoded {
        line: 22,
        character: 36,
        length: 6,
        kind: "property",
        text: "gender",
    },
    Decoded {
        line: 22,
        character: 43,
        length: 4,
        kind: "enum",
        text: "male",
    },
    Decoded {
        line: 22,
        character: 51,
        length: 6,
        kind: "property",
        text: "family",
    },
    Decoded {
        line: 22,
        character: 58,
        length: 7,
        kind: "string",
        text: "\"Okeke\"",
    },
    Decoded {
        line: 22,
        character: 67,
        length: 5,
        kind: "property",
        text: "given",
    },
    Decoded {
        line: 22,
        character: 73,
        length: 8,
        kind: "string",
        text: "\"Chinua\"",
    },
    Decoded {
        line: 22,
        character: 83,
        length: 4,
        kind: "property",
        text: "born",
    },
    Decoded {
        line: 22,
        character: 88,
        length: 5,
        kind: "number",
        text: "~1925",
    },
    Decoded {
        line: 22,
        character: 97,
        length: 4,
        kind: "property",
        text: "died",
    },
    Decoded {
        line: 22,
        character: 102,
        length: 10,
        kind: "number",
        text: "1998-05-12",
    },
    Decoded {
        line: 23,
        character: 0,
        length: 6,
        kind: "keyword",
        text: "person",
    },
    Decoded {
        line: 23,
        character: 7,
        length: 6,
        kind: "function",
        text: "adaeze",
    },
    Decoded {
        line: 23,
        character: 15,
        length: 4,
        kind: "property",
        text: "name",
    },
    Decoded {
        line: 23,
        character: 20,
        length: 14,
        kind: "string",
        text: "\"Adaeze Okeke\"",
    },
    Decoded {
        line: 23,
        character: 36,
        length: 6,
        kind: "property",
        text: "gender",
    },
    Decoded {
        line: 23,
        character: 43,
        length: 6,
        kind: "enum",
        text: "female",
    },
    Decoded {
        line: 23,
        character: 51,
        length: 6,
        kind: "property",
        text: "family",
    },
    Decoded {
        line: 23,
        character: 58,
        length: 7,
        kind: "string",
        text: "\"Okeke\"",
    },
    Decoded {
        line: 23,
        character: 67,
        length: 5,
        kind: "property",
        text: "given",
    },
    Decoded {
        line: 23,
        character: 73,
        length: 8,
        kind: "string",
        text: "\"Adaeze\"",
    },
    Decoded {
        line: 23,
        character: 83,
        length: 4,
        kind: "property",
        text: "born",
    },
    Decoded {
        line: 23,
        character: 88,
        length: 7,
        kind: "number",
        text: "1930-03",
    },
    Decoded {
        line: 25,
        character: 0,
        length: 8,
        kind: "keyword",
        text: "marriage",
    },
    Decoded {
        line: 25,
        character: 9,
        length: 15,
        kind: "function",
        text: "m_chinua_adaeze",
    },
    Decoded {
        line: 25,
        character: 25,
        length: 6,
        kind: "parameter",
        text: "chinua",
    },
    Decoded {
        line: 25,
        character: 32,
        length: 6,
        kind: "parameter",
        text: "adaeze",
    },
    Decoded {
        line: 25,
        character: 40,
        length: 5,
        kind: "property",
        text: "start",
    },
    Decoded {
        line: 25,
        character: 46,
        length: 10,
        kind: "number",
        text: "1948-11-02",
    },
    Decoded {
        line: 28,
        character: 0,
        length: 6,
        kind: "keyword",
        text: "person",
    },
    Decoded {
        line: 28,
        character: 7,
        length: 5,
        kind: "function",
        text: "emeka",
    },
    Decoded {
        line: 28,
        character: 14,
        length: 4,
        kind: "property",
        text: "name",
    },
    Decoded {
        line: 28,
        character: 19,
        length: 13,
        kind: "string",
        text: "\"Emeka Okeke\"",
    },
    Decoded {
        line: 28,
        character: 34,
        length: 6,
        kind: "property",
        text: "gender",
    },
    Decoded {
        line: 28,
        character: 41,
        length: 4,
        kind: "enum",
        text: "male",
    },
    Decoded {
        line: 28,
        character: 49,
        length: 4,
        kind: "property",
        text: "born",
    },
    Decoded {
        line: 28,
        character: 54,
        length: 4,
        kind: "number",
        text: "1950",
    },
    Decoded {
        line: 29,
        character: 2,
        length: 5,
        kind: "keyword",
        text: "birth",
    },
    Decoded {
        line: 29,
        character: 8,
        length: 15,
        kind: "parameter",
        text: "m_chinua_adaeze",
    },
    Decoded {
        line: 30,
        character: 0,
        length: 6,
        kind: "keyword",
        text: "person",
    },
    Decoded {
        line: 30,
        character: 7,
        length: 5,
        kind: "function",
        text: "ngozi",
    },
    Decoded {
        line: 30,
        character: 14,
        length: 4,
        kind: "property",
        text: "name",
    },
    Decoded {
        line: 30,
        character: 19,
        length: 13,
        kind: "string",
        text: "\"Ngozi Okeke\"",
    },
    Decoded {
        line: 30,
        character: 34,
        length: 6,
        kind: "property",
        text: "gender",
    },
    Decoded {
        line: 30,
        character: 41,
        length: 6,
        kind: "enum",
        text: "female",
    },
    Decoded {
        line: 30,
        character: 49,
        length: 4,
        kind: "property",
        text: "born",
    },
    Decoded {
        line: 30,
        character: 54,
        length: 10,
        kind: "number",
        text: "1955-08-19",
    },
    Decoded {
        line: 32,
        character: 0,
        length: 8,
        kind: "keyword",
        text: "marriage",
    },
    Decoded {
        line: 32,
        character: 9,
        length: 13,
        kind: "function",
        text: "m_emeka_ngozi",
    },
    Decoded {
        line: 32,
        character: 23,
        length: 5,
        kind: "parameter",
        text: "emeka",
    },
    Decoded {
        line: 32,
        character: 29,
        length: 5,
        kind: "parameter",
        text: "ngozi",
    },
    Decoded {
        line: 32,
        character: 36,
        length: 5,
        kind: "property",
        text: "start",
    },
    Decoded {
        line: 32,
        character: 42,
        length: 10,
        kind: "number",
        text: "1978-12-09",
    },
    Decoded {
        line: 35,
        character: 0,
        length: 6,
        kind: "keyword",
        text: "person",
    },
    Decoded {
        line: 35,
        character: 7,
        length: 5,
        kind: "function",
        text: "chidi",
    },
    Decoded {
        line: 35,
        character: 14,
        length: 4,
        kind: "property",
        text: "name",
    },
    Decoded {
        line: 35,
        character: 19,
        length: 13,
        kind: "string",
        text: "\"Chidi Okeke\"",
    },
    Decoded {
        line: 35,
        character: 34,
        length: 6,
        kind: "property",
        text: "gender",
    },
    Decoded {
        line: 35,
        character: 41,
        length: 4,
        kind: "enum",
        text: "male",
    },
    Decoded {
        line: 35,
        character: 49,
        length: 4,
        kind: "property",
        text: "born",
    },
    Decoded {
        line: 35,
        character: 54,
        length: 10,
        kind: "number",
        text: "1980-11-14",
    },
    Decoded {
        line: 36,
        character: 2,
        length: 5,
        kind: "keyword",
        text: "birth",
    },
    Decoded {
        line: 36,
        character: 8,
        length: 13,
        kind: "parameter",
        text: "m_emeka_ngozi",
    },
    Decoded {
        line: 37,
        character: 0,
        length: 6,
        kind: "keyword",
        text: "person",
    },
    Decoded {
        line: 37,
        character: 7,
        length: 5,
        kind: "function",
        text: "amara",
    },
    Decoded {
        line: 37,
        character: 14,
        length: 4,
        kind: "property",
        text: "name",
    },
    Decoded {
        line: 37,
        character: 19,
        length: 13,
        kind: "string",
        text: "\"Amara Okeke\"",
    },
    Decoded {
        line: 37,
        character: 34,
        length: 6,
        kind: "property",
        text: "gender",
    },
    Decoded {
        line: 37,
        character: 41,
        length: 6,
        kind: "enum",
        text: "female",
    },
    Decoded {
        line: 37,
        character: 49,
        length: 4,
        kind: "property",
        text: "born",
    },
    Decoded {
        line: 37,
        character: 54,
        length: 7,
        kind: "number",
        text: "1983-07",
    },
    Decoded {
        line: 38,
        character: 2,
        length: 5,
        kind: "keyword",
        text: "birth",
    },
    Decoded {
        line: 38,
        character: 8,
        length: 13,
        kind: "parameter",
        text: "m_emeka_ngozi",
    },
]
