---
source: crates/kul-lsp/src/features/document_symbol.rs
expression: syms
---
[
  {
    "name": "Hiroshi Tanaka",
    "detail": "b. 1978",
    "kind": 13,
    "range": {
      "start": {
        "line": 15,
        "character": 0
      },
      "end": {
        "line": 15,
        "character": 69
      }
    },
    "selectionRange": {
      "start": {
        "line": 15,
        "character": 7
      },
      "end": {
        "line": 15,
        "character": 14
      }
    }
  },
  {
    "name": "Yuki Tanaka",
    "detail": "b. 1980",
    "kind": 13,
    "range": {
      "start": {
        "line": 16,
        "character": 0
      },
      "end": {
        "line": 16,
        "character": 69
      }
    },
    "selectionRange": {
      "start": {
        "line": 16,
        "character": 7
      },
      "end": {
        "line": 16,
        "character": 11
      }
    }
  },
  {
    "name": "Hiroshi Tanaka & Yuki Tanaka",
    "detail": "2005",
    "kind": 24,
    "range": {
      "start": {
        "line": 18,
        "character": 0
      },
      "end": {
        "line": 18,
        "character": 54
      }
    },
    "selectionRange": {
      "start": {
        "line": 18,
        "character": 9
      },
      "end": {
        "line": 18,
        "character": 23
      }
    }
  },
  {
    "name": "Akiko Tanaka",
    "detail": "b. 2008",
    "kind": 13,
    "range": {
      "start": {
        "line": 23,
        "character": 0
      },
      "end": {
        "line": 24,
        "character": 22
      }
    },
    "selectionRange": {
      "start": {
        "line": 23,
        "character": 7
      },
      "end": {
        "line": 23,
        "character": 12
      }
    },
    "children": [
      {
        "name": "birth m_hiroshi_yuki",
        "kind": 8,
        "range": {
          "start": {
            "line": 24,
            "character": 2
          },
          "end": {
            "line": 24,
            "character": 22
          }
        },
        "selectionRange": {
          "start": {
            "line": 24,
            "character": 2
          },
          "end": {
            "line": 24,
            "character": 7
          }
        }
      }
    ]
  },
  {
    "name": "Kenji Tanaka",
    "detail": "b. 2011",
    "kind": 13,
    "range": {
      "start": {
        "line": 26,
        "character": 0
      },
      "end": {
        "line": 27,
        "character": 22
      }
    },
    "selectionRange": {
      "start": {
        "line": 26,
        "character": 7
      },
      "end": {
        "line": 26,
        "character": 12
      }
    },
    "children": [
      {
        "name": "birth m_hiroshi_yuki",
        "kind": 8,
        "range": {
          "start": {
            "line": 27,
            "character": 2
          },
          "end": {
            "line": 27,
            "character": 22
          }
        },
        "selectionRange": {
          "start": {
            "line": 27,
            "character": 2
          },
          "end": {
            "line": 27,
            "character": 7
          }
        }
      }
    ]
  }
]
