---
source: crates/kul-wasm/tests/check.rs
expression: check_json(src)
---
{
  "diagnostics": [
    {
      "code": "KUL-R03",
      "severity": "error",
      "message": "person `alice` needs a `name:` field — add `name:\"…\"` to the declaration",
      "primary": {
        "file": "input.kul",
        "byteStart": 7,
        "byteEnd": 12,
        "line": 1,
        "column": 8
      },
      "related": []
    }
  ]
}
