---
source: crates/kul-wasm/tests/export_graph.rs
expression: json
---
{
  "ok": true,
  "schema": 1,
  "kul": "0.1",
  "graph": {
    "persons": [
      {
        "id": "rajesh",
        "name": "Rajesh Patel",
        "gender": "male",
        "born": {
          "value": "1920-04-11",
          "precision": "day",
          "circa": false
        }
      },
      {
        "id": "saroj",
        "name": "Saroj Patel",
        "gender": "female",
        "born": {
          "value": "1923-09-02",
          "precision": "day",
          "circa": false
        }
      },
      {
        "id": "mahesh",
        "name": "Mahesh Sharma",
        "gender": "male",
        "born": {
          "value": "1921-07-19",
          "precision": "day",
          "circa": false
        }
      },
      {
        "id": "lata",
        "name": "Lata Sharma",
        "gender": "female",
        "born": {
          "value": "1924-02-28",
          "precision": "day",
          "circa": false
        }
      },
      {
        "id": "alice",
        "name": "Alice Patel",
        "gender": "female",
        "born": {
          "value": "1948-03-22",
          "precision": "day",
          "circa": false
        }
      },
      {
        "id": "bob",
        "name": "Bob Sharma",
        "gender": "male",
        "born": {
          "value": "1949-11-30",
          "precision": "day",
          "circa": false
        }
      },
      {
        "id": "kiran",
        "name": "Kiran Patel",
        "gender": "female",
        "born": {
          "value": "1975-04-18",
          "precision": "day",
          "circa": false
        }
      }
    ],
    "marriages": [
      {
        "id": "m_host_parents",
        "spouses": [
          "rajesh",
          "saroj"
        ],
        "start": {
          "value": "1945-12-05",
          "precision": "day",
          "circa": false
        }
      },
      {
        "id": "m_bob_parents",
        "spouses": [
          "mahesh",
          "lata"
        ],
        "start": {
          "value": "1946-08-14",
          "precision": "day",
          "circa": false
        }
      },
      {
        "id": "m_alice_bob",
        "spouses": [
          "alice",
          "bob"
        ],
        "start": {
          "value": "1972-06-10",
          "precision": "day",
          "circa": false
        }
      }
    ],
    "parenthoodLinks": [
      {
        "marriageId": "m_host_parents",
        "childId": "alice",
        "kind": "biological"
      },
      {
        "marriageId": "m_bob_parents",
        "childId": "bob",
        "kind": "biological"
      },
      {
        "marriageId": "m_alice_bob",
        "childId": "kiran",
        "kind": "biological"
      }
    ]
  }
}
