---
source: crates/kul-wasm/tests/format.rs
expression: formatted
---
# Example 9: One child with multiple intimacies — bio family, a past
# adoption, and a current adoption (P8 chain + P16 ghosts).
#
# - Sam is biologically born to Ravi and Priya (1982).
# - Sam is first adopted by Anita and Bharat in 1985 (`m_anita_bharat`).
# - Sam is later adopted by Chen and Dara in 1992 (`m_chen_dara`).
# - Bro is biologically born to Ravi and Priya (1985) — a bio sibling
#   of Sam who never leaves the bio family.
#
# P8's canonical chain picks `m_chen_dara` (most recent adoption) for
# Sam: his canonical card sits in `m_chen_dara`'s children row. Bro
# has no marriage or adoption, so P8 picks his bio family: Bro's
# canonical card sits in `m_ravi_priya`'s children row.
#
# P16 emits a ghost for each of Sam's two past intimacies:
#
# - **Past-adoption child-ghost** under `m_anita_bharat` (dashed
#   adoption edge). The bar is rendered even though no other rule
#   would surface it — the ghost is the load-bearing reason it exists.
# - **Past-bio child-ghost** under `m_ravi_priya` (solid birth edge).
#   This anchors Sam's bio identity locally at his bio family rather
#   than letting the solid edge traverse the canvas to his current
#   intimacy.
#
# Source-order positioning (P16): ghost-Sam and canonical-Bro share
# the bio family's children row. Sam's `person` statement is declared
# before Bro's, so ghost-Sam sits **left** of canonical-Bro in the
# children row — the same declaration-order key the children row uses
# for canonical siblings.

# ---- Biological origin ----
person ravi   name:"Ravi Mehta"   gender:male    born:1958-01-14
person priya  name:"Priya Mehta"  gender:female  born:1960-04-22
marriage m_ravi_priya ravi priya  start:1980-11-10

# ---- First (now past) adoptive family ----
person anita   name:"Anita Rao"   gender:female  born:1952-06-08
person bharat  name:"Bharat Rao"  gender:male    born:1950-12-30
marriage m_anita_bharat anita bharat  start:1975-03-22

# ---- Second (canonical) adoptive family ----
person chen  name:"Chen Liu"  gender:male    born:1955-09-09
person dara  name:"Dara Liu"  gender:female  born:1957-02-17
marriage m_chen_dara chen dara  start:1980-07-04

# ---- Sam: bio + two adoptions in declaration order ----
person sam  name:"Sam"  gender:other  born:1982-05-19
  birth m_ravi_priya
  adoption m_anita_bharat  start:1985-04-01
  adoption m_chen_dara     start:1992-08-15

# ---- Bro: Sam's bio sibling, declared after Sam ----
person bro  name:"Bro Mehta"  gender:male  born:1985-03-10
  birth m_ravi_priya
