---
source: crates/kul-svg/tests/corpus.rs
expression: svg
---
<svg xmlns="http://www.w3.org/2000/svg" viewBox="0 0 1162 592" width="1162" height="592">
<path class="kul-edge kul-edge--birth kul-edge--cross-tree" fill="none" d="M 963 61 L 963 146 Q 963 156 953 156 L 686 156 Q 676 156 676 166 L 676 184"/>
<path class="kul-edge kul-edge--birth kul-edge--in-tree" fill="none" d="M 199 221 L 199 306 Q 199 316 189 316 L 114 316 Q 104 316 104 326 L 104 344"/>
<path class="kul-edge kul-edge--birth kul-edge--cross-tree" fill="none" d="M 581 221 L 581 306 Q 581 316 571 316 L 304 316 Q 294 316 294 326 L 294 344"/>
<path class="kul-edge kul-edge--birth kul-edge--in-tree" fill="none" d="M 199 381 L 199 476 L 199 476 L 199 504"/>
<rect class="kul-bar" x="190" y="211" width="18" height="10"/>
<rect class="kul-bar" x="190" y="371" width="18" height="10"/>
<rect class="kul-bar" x="572" y="211" width="18" height="10"/>
<rect class="kul-bar" x="954" y="51" width="18" height="10"/>
<g class="kul-card kul-card--canonical">
<rect x="24" y="184" width="160" height="64" rx="8" ry="8"/>
<text class="kul-label-name" x="104" y="216" text-anchor="middle" dominant-baseline="central">Rajesh Patel</text>
</g>
<g class="kul-card kul-card--canonical">
<rect x="214" y="184" width="160" height="64" rx="8" ry="8"/>
<text class="kul-label-name" x="294" y="216" text-anchor="middle" dominant-baseline="central">Saroj Patel</text>
</g>
<g class="kul-card kul-card--canonical">
<rect x="24" y="344" width="160" height="64" rx="8" ry="8"/>
<text class="kul-label-name" x="104" y="376" text-anchor="middle" dominant-baseline="central">Alice Patel</text>
</g>
<g class="kul-card kul-card--canonical">
<rect x="214" y="344" width="160" height="64" rx="8" ry="8"/>
<text class="kul-label-name" x="294" y="376" text-anchor="middle" dominant-baseline="central">Bob Sharma</text>
</g>
<g class="kul-card kul-card--canonical">
<rect x="406" y="184" width="160" height="64" rx="8" ry="8"/>
<text class="kul-label-name" x="486" y="216" text-anchor="middle" dominant-baseline="central">Mahesh Sharma</text>
</g>
<g class="kul-card kul-card--canonical">
<rect x="596" y="184" width="160" height="64" rx="8" ry="8"/>
<text class="kul-label-name" x="676" y="216" text-anchor="middle" dominant-baseline="central">Lata Sharma</text>
</g>
<g class="kul-card kul-card--canonical">
<rect x="788" y="24" width="160" height="64" rx="8" ry="8"/>
<text class="kul-label-name" x="868" y="56" text-anchor="middle" dominant-baseline="central">Ramprasad Verma</text>
</g>
<g class="kul-card kul-card--canonical">
<rect x="978" y="24" width="160" height="64" rx="8" ry="8"/>
<text class="kul-label-name" x="1058" y="56" text-anchor="middle" dominant-baseline="central">Sunita Verma</text>
</g>
<g class="kul-card kul-card--canonical">
<rect x="119" y="504" width="160" height="64" rx="8" ry="8"/>
<text class="kul-label-name" x="199" y="536" text-anchor="middle" dominant-baseline="central">Kiran Patel</text>
</g>
</svg>
