---
source: crates/kul-svg/tests/corpus.rs
expression: svg
---
<svg xmlns="http://www.w3.org/2000/svg" viewBox="0 0 592 592" width="592" height="592">
<path class="kul-edge kul-edge--birth kul-edge--in-tree" fill="none" d="M 296 61 L 296 156 L 296 156 L 296 184"/>
<path class="kul-edge kul-edge--birth kul-edge--in-tree" fill="none" d="M 392 316 L 392 476 L 392 476 L 392 504"/>
<path class="kul-edge kul-edge--marriage kul-edge--in-tree" fill="none" d="M 296 248 L 296 306 Q 296 316 286 316 L 114 316 Q 104 316 104 326 L 104 344"/>
<path class="kul-edge kul-edge--marriage kul-edge--in-tree" fill="none" d="M 296 248 L 296 306 Q 296 316 306 316 L 478 316 Q 488 316 488 326 L 488 344"/>
<rect class="kul-bar" x="287" y="51" width="18" height="10"/>
<g class="kul-card kul-card--canonical">
<rect x="121" y="24" width="160" height="64" rx="8" ry="8"/>
<text class="kul-label-name" x="201" y="56" text-anchor="middle" dominant-baseline="central">Ramesh Kumar</text>
</g>
<g class="kul-card kul-card--canonical">
<rect x="311" y="24" width="160" height="64" rx="8" ry="8"/>
<text class="kul-label-name" x="391" y="56" text-anchor="middle" dominant-baseline="central">Sita Kumar</text>
</g>
<g class="kul-card kul-card--canonical">
<rect x="216" y="184" width="160" height="64" rx="8" ry="8"/>
<text class="kul-label-name" x="296" y="216" text-anchor="middle" dominant-baseline="central">Devraj Kumar</text>
</g>
<g class="kul-card kul-card--canonical">
<rect x="24" y="344" width="160" height="64" rx="8" ry="8"/>
<text class="kul-label-name" x="104" y="376" text-anchor="middle" dominant-baseline="central">Meera</text>
</g>
<g class="kul-card kul-card--canonical">
<rect x="408" y="344" width="160" height="64" rx="8" ry="8"/>
<text class="kul-label-name" x="488" y="376" text-anchor="middle" dominant-baseline="central">Alice Sharma</text>
</g>
<g class="kul-card kul-card--canonical">
<rect x="312" y="504" width="160" height="64" rx="8" ry="8"/>
<text class="kul-label-name" x="392" y="536" text-anchor="middle" dominant-baseline="central">Priya Kumar</text>
</g>
</svg>
